git init
la -al
ls -al
git branch
ls -al
git add README.md
git status
git add.appsjs
git status
git add appjs
git status
git add.appjs
git status
git add . 
git status
git commit -m "initial commit"
git config --global usaer. email "wandersoncbjr2@gmail.com"
git cinfug --global user.name "wanderson"
git cinfug --global user.email "wandersoncbjr2@gmail.com"
git config --list
git config --global user.email "wandersoncbjr2@gmail.com"
git config --list
git config lis
git config list
git config --list
git --config
git config --list
git config --global user.email "wandersoncbjr2@gmail.com"
git config --global user.name "wanderson santos"
git config --list
git status
git commit -m "commit inicial"
git log
git remote add origin https://github.com/wandersoncbjr/compras2.git
git remote -v
git branch
git push origin master
git status
git status
git status
git status
git add app.js
git status
git init
git status
git add .
git status
git add app.js
git status
git commit -m "commit inicial"
git log
git branch main
git branch
git push origin man master
git push origin master
git remote add https://github.com/Grupo01PDA/Grupo01PDA.git/
git push
git push origin master
git init
git add.
git add .
git status
git branch -m master
git remote add origin https://github.com/wandersoncbjr/Teladeloginteste.git
git push -u origin master
[200~git branch -M master
git branch -M master
Admin@DESKTOP-RJVM9MO MINGW64 ~/Downloads/TelaDeLogin (master)
$ git init
Reinitialized existing Git repository in C:/Users/Admin/Downloads/TelaDeLogin/.git/
Admin@DESKTOP-RJVM9MO MINGW64 ~/Downloads/TelaDeLogin (master)
$ git add.
git: 'add.' is not a git command. See 'git --help'.
The most similar command is
        add
Admin@DESKTOP-RJVM9MO MINGW64 ~/Downloads/TelaDeLogin (master)
$ git add .
Admin@DESKTOP-RJVM9MO MINGW64 ~/Downloads/TelaDeLogin (master)
$ git status
On branch master
No commits yet
Changes to be committed:
  (use "git rm --cached <file>..." to unstage)
        new file:   astro.svg
        new file:   index.html
        new file:   style.css
Admin@DESKTOP-RJVM9MO MINGW64 ~/Downloads/TelaDeLogin (master)
$ git branch -m master
Admin@DESKTOP-RJVM9MO MINGW64 ~/Downloads/TelaDeLogin (master)
$ git remote add origin https://github.com/wandersoncbjr/Teladeloginteste.git
Admin@DESKTOP-RJVM9MO MINGW64 ~/Downloads/TelaDeLogin (master)
$ git push -u origin master
error: src refspec master does not match any
error: failed to push some refs to 'https://github.com/wandersoncbjr/Teladeloginteste.git'
Admin@DESKTOP-RJVM9MO MINGW64 ~/Downloads/TelaDeLogin (master)
$ ^[[200~git branch -M master
bash: $'\E[200~git': command not found
Admin@DESKTOP-RJVM9MO MINGW64 ~/Download
git push -u origin master
git status
[200~echo "# Teladeloginteste" >> README.md
git init
git add README.md
git commit -m "first commit"
git branch -M main
git remote add origin https://github.com/wandersoncbjr/Teladeloginteste.git
git remote add origin https://github.com/wandersoncbjr/Teladeloginteste.git
git branch -M main
git push -u origin main
git init
git add README.md
git commit -m "first commit"
git branch -M master
git remote add origin https://github.com/wandersoncbjr/Curriculo.git
git push -u origin master
git status
git init
git status
git add ..
git status
git add .
git status
git add curriculo/
git status
echo "# Curriculo" >> README.md
git init
git add README.md
git commit -m "first commit"
git branch -M master
git remote add origin https://github.com/wandersoncbjr/Curriculo.git
git push -u origin master
git push
git remote add origin https:https://github.com/wandersoncbjr/Curriculo.git
git branch -M master 
git push u- origin master
push -u origin master
git push -u origin master
git status
git status
git init
git add..
git add ..
git status
git add .
git status
git commit -m "first commit"
git remote add origin https://github.com/wandersoncbjr/Curriculo.git
git push -u origin master
git remote add origin https://github.com/wandersoncbjr/curriculo001.git
git push -u origin master
echo "# curriculo001" >> README.md
git init
git add README.md
git commit -m "first commit"
git branch -M master
git remote add origin https://github.com/wandersoncbjr/curriculo001.git
git push -u origin master
git remote add origin https://github.com/wandersoncbjr/curriculo001.git
git branch -M master
git push -u origin master
